 READ ME!    |    5 -----
 README ?    |    5 +++++
 run atac.sh |    6 ------
 run test.sh |   51 ---------------------------------------------------
 run_atac.sh |    6 ++++++
 run_test.sh |   51 +++++++++++++++++++++++++++++++++++++++++++++++++++
 6 files changed, 62 insertions(+), 62 deletions(-)
