 testing/READ ME!    |    5 +++++
 testing/README ?    |    5 -----
 testing/run atac.sh |    6 ++++++
 testing/run test.sh |   51 +++++++++++++++++++++++++++++++++++++++++++++++++++
 testing/run_atac.sh |    6 ------
 testing/run_test.sh |   51 ---------------------------------------------------
 6 files changed, 62 insertions(+), 62 deletions(-)
