 test ink/READ ME!    |    5 -----
 test ink/README ?    |    5 +++++
 test ink/run atac.sh |    6 ------
 test ink/run test.sh |   51 ---------------------------------------------------
 test ink/run_atac.sh |    6 ++++++
 test ink/run_test.sh |   51 +++++++++++++++++++++++++++++++++++++++++++++++++++
 6 files changed, 62 insertions(+), 62 deletions(-)
