 package/debian/cdialog-dev.install       |   11 +++--
 package/debian/cdialog.install           |    9 ++--
 package/debian/cdialog.lintian-overrides |    2 -
 headers-sh.in                            |   57 ++++++++++++++++++++++++++++---
 samples/inputbox6-utf8                   |    4 +-
 po/makefile.inn                          |   14 +++----
 6 files changed, 74 insertions(+), 23 deletions(-)
