 a/headers.sh                               |   57 ++---------------------------
 a/install.sh                               |   11 ++---
 a/package/debian/cdialog.links             |    9 ++--
 a/package/debian/cdialog.lintian-overrides |    2 -
 a/po/Makefile.inn                          |   14 +++----
 a/samples/inputbox6                        |    4 --
 6 files changed, 23 insertions(+), 74 deletions(-)
