 Makefile.in  |   61 +++++----
 README       |    5 
 aclocal.m4   |    7 -
 config.h.in  |    6 
 configure    |  386 +++++++++++++++++++++++++++++++++++++++--------------------
 curses.h     |   37 ++++-
 curspriv.h   |   12 -
 testcurs.c   |    9 +
 intro.man    |   27 ++--
 x11.man      |  100 ++++++++++-----
 pdckbd.c     |   28 ++++
 install-sh   |   26 +++
 gccos2.mak   |   14 +-
 pdckbd.c     |   28 ++++
 pdcurses.def |    8 +
 Makefile.in  |  120 +++++++++++-------
 border.c     |  168 ++++++++++++++++++++++++-
 color.c      |   26 +++
 getch.c      |   12 +
 initscr.c    |    6 
 util.c       |    6 
 curses.def   |    3 
 pdckbd.c     |   10 -
 README       |   15 ++
 ScrollBox.c  |   32 ++--
 pdcdisp.c    |    4 
 pdckbd.c     |    4 
 pdcscrn.c    |    3 
 pdcsetsc.c   |   11 -
 29 files changed, 847 insertions(+), 327 deletions(-)
